\BOOKMARK [0][-]{chapter.1}{\376\377\000P\000o\000l\000i\000t\000y}{}% 1
\BOOKMARK [1][-]{section.1.1}{\376\377\000I\000n\000d\000i\000a\000n\000\040\000C\000o\000n\000s\000t\000i\000t\000u\000t\000i\000t\000i\000o\000n\000,\000\040\000C\000i\000t\000i\000z\000e\000n\000s\000h\000i\000p\000,\000\040\000U\000n\000i\000o\000n\000\040\000a\000n\000d\000\040\000i\000t\000s\000\040\000T\000e\000r\000r\000i\000t\000o\000r\000y\000,\000\040\000F\000R\000,\000\040\000D\000P\000S\000P\000,\000\040\000F\000D}{chapter.1}% 2
\BOOKMARK [1][-]{section.1.2}{\376\377\000E\000x\000e\000c\000u\000t\000i\000v\000e\000,\000\040\000L\000e\000g\000i\000s\000l\000a\000t\000u\000r\000e\000\040\000\046\000\040\000J\000u\000d\000i\000c\000i\000a\000r\000y}{chapter.1}% 3
\BOOKMARK [1][-]{section.1.3}{\376\377\000L\000o\000c\000a\000l\000\040\000G\000o\000v\000e\000r\000n\000m\000e\000n\000t\000,\000\040\000C\000o\000n\000s\000t\000i\000t\000u\000t\000i\000o\000n\000a\000l\000\040\000B\000o\000d\000i\000e\000s\000,\000\040\000n\000o\000n\000-\000c\000o\000n\000s\000t\000i\000t\000u\000t\000i\000o\000n\000a\000l\000\040\000B\000o\000d\000i\000e\000s\000,\000\040\000E\000l\000e\000c\000t\000i\000o\000n}{chapter.1}% 4
\BOOKMARK [1][-]{section.1.4}{\376\377\000g\000o\000v\000e\000r\000n\000a\000n\000c\000e}{chapter.1}% 5
\BOOKMARK [1][-]{section.1.5}{\376\377\000b\000i\000l\000l\000s}{chapter.1}% 6
\BOOKMARK [1][-]{section.1.6}{\376\377\000j\000u\000d\000g\000e\000m\000e\000n\000t\000s}{chapter.1}% 7
\BOOKMARK [1][-]{section.1.7}{\376\377\000m\000i\000s\000c\000e\000l\000l\000a\000n\000e\000o\000u\000s}{chapter.1}% 8
\BOOKMARK [0][-]{chapter.2}{\376\377\000E\000c\000o\000n\000o\000m\000y}{}% 9
\BOOKMARK [0][-]{chapter.3}{\376\377\000E\000n\000v\000i\000r\000o\000n\000m\000e\000n\000t}{}% 10
\BOOKMARK [1][-]{section.3.1}{\376\377\000E\000n\000v\000i\000r\000o\000n\000m\000e\000n\000t\000a\000l\000\040\000L\000a\000w\000s\000\040\000a\000n\000d\000\040\000p\000o\000l\000i\000c\000i\000e\000s}{chapter.3}% 11
\BOOKMARK [1][-]{section.3.2}{\376\377\000C\000l\000i\000m\000a\000t\000e\000\040\000C\000h\000a\000n\000g\000e\000,\000\040\000C\000a\000r\000b\000o\000n\000\040\000C\000r\000e\000d\000i\000t\000,\000\040\000E\000T\000S}{chapter.3}% 12
\BOOKMARK [1][-]{section.3.3}{\376\377\000E\000n\000v\000i\000r\000o\000n\000m\000e\000n\000t\000a\000l\000\040\000C\000o\000n\000v\000e\000n\000t\000i\000o\000n\000\040\000a\000n\000d\000\040\000b\000o\000d\000i\000e\000s}{chapter.3}% 13
\BOOKMARK [1][-]{section.3.4}{\376\377\000P\000o\000l\000l\000u\000t\000i\000o\000n}{chapter.3}% 14
\BOOKMARK [1][-]{section.3.5}{\376\377\000B\000i\000o\000d\000i\000v\000e\000r\000s\000i\000t\000y}{chapter.3}% 15
\BOOKMARK [1][-]{section.3.6}{\376\377\000P\000r\000o\000t\000e\000c\000t\000e\000d\000\040\000A\000r\000e\000a\000s}{chapter.3}% 16
\BOOKMARK [1][-]{section.3.7}{\376\377\000M\000i\000s\000c\000e\000l\000l\000a\000n\000e\000o\000u\000s}{chapter.3}% 17
\BOOKMARK [0][-]{chapter.4}{\376\377\000I\000n\000t\000e\000r\000n\000a\000t\000i\000o\000n\000a\000l\000\040\000R\000e\000l\000a\000t\000i\000o\000n\000s}{}% 18
\BOOKMARK [0][-]{chapter.5}{\376\377\000S\000c\000i\000e\000n\000c\000e\000\040\000a\000n\000d\000\040\000T\000e\000c\000h\000n\000o\000l\000o\000g\000y}{}% 19
\BOOKMARK [0][-]{chapter.6}{\376\377\000M\000i\000s\000c\000e\000l\000l\000a\000n\000e\000o\000u\000s}{}% 20
